schemas:
  "schema-1.yml":
    properties:
      one_of_array:
        type: array
        items:
          oneOf:
          - additionalProperties: false
            properties:
              simple_field:
                type: string
              a_field:
                type: string
              __identifier: # +
                type: string
          - additionalProperties: false
            properties:
              simple_field:
                type: string
              b_field:
                type: string
              __identifier: # +
                type: string
graphql:
  $schema: "graphql-schema-1.yml"
  confs:
  - name: Schema_v1
    fields:
    - name: one_of_array
      type: OneOfSchema_v1
      isList: true
  - name: OneOfSchema_v1
    fields:
    - name: simple_field
      type: string
      isContextUnique: true
    - name: a_field
      type: string
    - name: b_field
      type: string
  - name: Query
    fields:
    - type: Schema_v1
      name: schema_v1
      datafileSchema: "schema-1.yml"
data:
  file-1-schema-1.yml:
    $schema: schema-1.yml
    one_of_array:
    - simple_field: bla
      a_field: a
      __identifier: "5fcc28b49951ac3dd925eacdbca8bee03d70cf686aa7d672a32545a15c0be787" # +
    - simple_field: bla
      b_field: b
      __identifier: "5fcc28b49951ac3dd925eacdbca8bee03d70cf686aa7d672a32545a15c0be787" # +
resources: {}
